2026-04-06 00:00:02 INFO  com.coforge.PaymentWalletApplication - Starting PaymentWalletApplication using Java 21.0.10 with PID 23180 (C:\Users\Gaurav.Kuriyal\JavaTrainingProjects\PaymentApplicationProject\mergedMainBranch1\Payment-WalletApplication\Payment-WalletApplication\target\classes started by Gaurav.Kuriyal in C:\Users\Gaurav.Kuriyal\JavaTrainingProjects\PaymentApplicationProject\mergedMainBranch1\Payment-WalletApplication\Payment-WalletApplication)
2026-04-06 00:00:02 INFO  com.coforge.PaymentWalletApplication - No active profile set, falling back to 1 default profile: "default"
2026-04-06 00:00:04 INFO  com.coforge.PaymentWalletApplication - Started PaymentWalletApplication in 2.053 seconds (process running for 20738.158)
2026-04-06 00:01:01 INFO  com.coforge.PaymentWalletApplication - Starting PaymentWalletApplication using Java 21.0.10 with PID 23180 (C:\Users\Gaurav.Kuriyal\JavaTrainingProjects\PaymentApplicationProject\mergedMainBranch1\Payment-WalletApplication\Payment-WalletApplication\target\classes started by Gaurav.Kuriyal in C:\Users\Gaurav.Kuriyal\JavaTrainingProjects\PaymentApplicationProject\mergedMainBranch1\Payment-WalletApplication\Payment-WalletApplication)
2026-04-06 00:01:01 INFO  com.coforge.PaymentWalletApplication - No active profile set, falling back to 1 default profile: "default"
2026-04-06 00:01:02 INFO  com.coforge.PaymentWalletApplication - Started PaymentWalletApplication in 1.013 seconds (process running for 20796.072)
2026-04-06 00:01:11 INFO  com.coforge.PaymentWalletApplication - Starting PaymentWalletApplication using Java 21.0.10 with PID 23180 (C:\Users\Gaurav.Kuriyal\JavaTrainingProjects\PaymentApplicationProject\mergedMainBranch1\Payment-WalletApplication\Payment-WalletApplication\target\classes started by Gaurav.Kuriyal in C:\Users\Gaurav.Kuriyal\JavaTrainingProjects\PaymentApplicationProject\mergedMainBranch1\Payment-WalletApplication\Payment-WalletApplication)
2026-04-06 00:01:11 INFO  com.coforge.PaymentWalletApplication - No active profile set, falling back to 1 default profile: "default"
2026-04-06 00:01:12 INFO  com.coforge.PaymentWalletApplication - Started PaymentWalletApplication in 1.237 seconds (process running for 20806.348)
2026-04-06 00:01:14 INFO  com.coforge.PaymentWalletApplication - Starting PaymentWalletApplication using Java 21.0.10 with PID 23180 (C:\Users\Gaurav.Kuriyal\JavaTrainingProjects\PaymentApplicationProject\mergedMainBranch1\Payment-WalletApplication\Payment-WalletApplication\target\classes started by Gaurav.Kuriyal in C:\Users\Gaurav.Kuriyal\JavaTrainingProjects\PaymentApplicationProject\mergedMainBranch1\Payment-WalletApplication\Payment-WalletApplication)
2026-04-06 00:01:14 INFO  com.coforge.PaymentWalletApplication - No active profile set, falling back to 1 default profile: "default"
2026-04-06 00:01:14 INFO  com.coforge.PaymentWalletApplication - Started PaymentWalletApplication in 0.99 seconds (process running for 20808.906)
2026-04-06 00:01:30 INFO  com.coforge.security.JwtAuthenticationFilter - Authorised User: Gaurav 8876543234 gaurav3@mail.com
2026-04-06 00:01:30 INFO  com.coforge.filters.LoggingFilter - Request /auth/bankAccount/transferToWallet/16 POST ?amount=100000
2026-04-06 00:01:31 ERROR com.coforge.exception.GlobalExceptionHandler - Error: Insuficient Balance
2026-04-06 00:01:35 INFO  com.coforge.security.JwtAuthenticationFilter - Authorised User: Gaurav 8876543234 gaurav3@mail.com
2026-04-06 00:01:35 INFO  com.coforge.filters.LoggingFilter - Request /auth/customers/getDetails GET 
2026-04-06 00:01:36 INFO  com.coforge.security.JwtAuthenticationFilter - Authorised User: Gaurav 8876543234 gaurav3@mail.com
2026-04-06 00:01:36 INFO  com.coforge.filters.LoggingFilter - Request /auth/wallets GET 
2026-04-06 00:02:08 INFO  com.coforge.security.JwtAuthenticationFilter - Authorised User: Gaurav 8876543234 gaurav3@mail.com
2026-04-06 00:02:08 INFO  com.coforge.filters.LoggingFilter - Request /auth/wallets GET 
2026-04-06 00:02:20 INFO  com.coforge.security.JwtAuthenticationFilter - Authorised User: Gaurav 8876543234 gaurav3@mail.com
2026-04-06 00:02:20 INFO  com.coforge.filters.LoggingFilter - Request /auth/wallets GET 
2026-04-06 00:03:15 INFO  com.coforge.security.JwtAuthenticationFilter - Authorised User: Gaurav 8876543234 gaurav3@mail.com
2026-04-06 00:03:15 INFO  com.coforge.filters.LoggingFilter - Request /auth/bankAccount GET 
2026-04-06 00:03:21 INFO  com.coforge.security.JwtAuthenticationFilter - Authorised User: Gaurav 8876543234 gaurav3@mail.com
2026-04-06 00:03:21 INFO  com.coforge.filters.LoggingFilter - Request /auth/bankAccount/transferToWallet/16 POST ?amount=100000
2026-04-06 00:03:21 ERROR com.coforge.exception.GlobalExceptionHandler - Error: Insuficient Balance
2026-04-06 00:04:40 INFO  com.coforge.security.JwtAuthenticationFilter - Authorised User: Gaurav 8876543234 gaurav3@mail.com
2026-04-06 00:04:40 INFO  com.coforge.filters.LoggingFilter - Request /auth/wallets GET 
2026-04-06 00:04:41 INFO  com.coforge.security.JwtAuthenticationFilter - Authorised User: Gaurav 8876543234 gaurav3@mail.com
2026-04-06 00:04:41 INFO  com.coforge.filters.LoggingFilter - Request /auth/bankAccount GET 
2026-04-06 00:04:48 INFO  com.coforge.security.JwtAuthenticationFilter - Authorised User: Gaurav 8876543234 gaurav3@mail.com
2026-04-06 00:04:48 INFO  com.coforge.filters.LoggingFilter - Request /auth/bankAccount/transferToWallet/16 POST ?amount=100000
2026-04-06 00:04:48 ERROR com.coforge.exception.GlobalExceptionHandler - Error: Insuficient Balance
2026-04-06 00:04:48 INFO  com.coforge.security.JwtAuthenticationFilter - Authorised User: Gaurav 8876543234 gaurav3@mail.com
2026-04-06 00:04:48 INFO  com.coforge.filters.LoggingFilter - Request /auth/bankAccount GET 
2026-04-06 00:04:49 INFO  com.coforge.security.JwtAuthenticationFilter - Authorised User: Gaurav 8876543234 gaurav3@mail.com
2026-04-06 00:04:49 INFO  com.coforge.filters.LoggingFilter - Request /auth/wallets GET 
2026-04-06 00:04:53 INFO  com.coforge.security.JwtAuthenticationFilter - Authorised User: Gaurav 8876543234 gaurav3@mail.com
2026-04-06 00:04:53 INFO  com.coforge.filters.LoggingFilter - Request /auth/wallets GET 
2026-04-06 00:05:51 INFO  com.coforge.security.JwtAuthenticationFilter - Authorised User: Gaurav 8876543234 gaurav3@mail.com
2026-04-06 00:05:51 INFO  com.coforge.filters.LoggingFilter - Request /auth/bankAccount GET 
2026-04-06 00:06:06 INFO  com.coforge.security.JwtAuthenticationFilter - Authorised User: Gaurav 8876543234 gaurav3@mail.com
2026-04-06 00:06:06 INFO  com.coforge.filters.LoggingFilter - Request /auth/bankAccount/transferToWallet/16 POST ?amount=2500
2026-04-06 00:06:06 INFO  com.coforge.security.JwtAuthenticationFilter - Authorised User: Gaurav 8876543234 gaurav3@mail.com
2026-04-06 00:06:06 INFO  com.coforge.filters.LoggingFilter - Request /auth/wallets GET 
2026-04-06 00:06:06 INFO  com.coforge.security.JwtAuthenticationFilter - Authorised User: Gaurav 8876543234 gaurav3@mail.com
2026-04-06 00:06:06 INFO  com.coforge.filters.LoggingFilter - Request /auth/bankAccount GET 
2026-04-06 00:06:12 INFO  com.coforge.security.JwtAuthenticationFilter - Authorised User: Gaurav 8876543234 gaurav3@mail.com
2026-04-06 00:06:12 INFO  com.coforge.filters.LoggingFilter - Request /auth/customers/getDetails GET 
2026-04-06 00:06:28 INFO  com.coforge.security.JwtAuthenticationFilter - Authorised User: Gaurav 8876543234 gaurav3@mail.com
2026-04-06 00:06:28 INFO  com.coforge.filters.LoggingFilter - Request /auth/bankAccount GET 
2026-04-06 00:06:38 INFO  com.coforge.security.JwtAuthenticationFilter - Authorised User: Gaurav 8876543234 gaurav3@mail.com
2026-04-06 00:06:38 INFO  com.coforge.filters.LoggingFilter - Request /auth/customers/getDetails GET 
2026-04-06 00:06:43 INFO  com.coforge.security.JwtAuthenticationFilter - Authorised User: Gaurav 8876543234 gaurav3@mail.com
2026-04-06 00:06:43 INFO  com.coforge.filters.LoggingFilter - Request /auth/beneficiary GET 
2026-04-06 00:07:18 INFO  com.coforge.security.JwtAuthenticationFilter - Authorised User: Gaurav 8876543234 gaurav3@mail.com
2026-04-06 00:07:18 INFO  com.coforge.filters.LoggingFilter - Request /auth/beneficiary POST 
2026-04-06 00:07:18 INFO  com.coforge.security.JwtAuthenticationFilter - Authorised User: Gaurav 8876543234 gaurav3@mail.com
2026-04-06 00:07:18 INFO  com.coforge.filters.LoggingFilter - Request /auth/beneficiary GET 
2026-04-06 00:07:32 INFO  com.coforge.security.JwtAuthenticationFilter - Authorised User: Gaurav 8876543234 gaurav3@mail.com
2026-04-06 00:07:32 INFO  com.coforge.filters.LoggingFilter - Request /auth/beneficiary/mobile/sendMoney/9988776656 POST ?amount=100
2026-04-06 00:07:38 INFO  com.coforge.security.JwtAuthenticationFilter - Authorised User: Gaurav 8876543234 gaurav3@mail.com
2026-04-06 00:07:38 INFO  com.coforge.filters.LoggingFilter - Request /auth/wallets GET 
2026-04-06 00:07:40 INFO  com.coforge.security.JwtAuthenticationFilter - Authorised User: Gaurav 8876543234 gaurav3@mail.com
2026-04-06 00:07:40 INFO  com.coforge.filters.LoggingFilter - Request /auth/bankAccount GET 
2026-04-06 00:07:42 INFO  com.coforge.security.JwtAuthenticationFilter - Authorised User: Gaurav 8876543234 gaurav3@mail.com
2026-04-06 00:07:42 INFO  com.coforge.filters.LoggingFilter - Request /auth/billPayments/getAll GET 
2026-04-06 00:07:52 INFO  com.coforge.security.JwtAuthenticationFilter - Authorised User: Gaurav 8876543234 gaurav3@mail.com
2026-04-06 00:07:52 INFO  com.coforge.filters.LoggingFilter - Request /auth/transactions/all GET 
2026-04-06 00:08:09 INFO  com.coforge.security.JwtAuthenticationFilter - Authorised User: Gaurav 8876543234 gaurav3@mail.com
2026-04-06 00:08:09 INFO  com.coforge.filters.LoggingFilter - Request /auth/customers/getDetails GET 
2026-04-06 00:08:33 INFO  com.coforge.security.JwtAuthenticationFilter - Authorised User: Gaurav 8876543234 gaurav3@mail.com
2026-04-06 00:08:33 INFO  com.coforge.filters.LoggingFilter - Request /auth/wallets GET 
2026-04-06 00:08:39 INFO  com.coforge.security.JwtAuthenticationFilter - Authorised User: Gaurav 8876543234 gaurav3@mail.com
2026-04-06 00:08:39 INFO  com.coforge.filters.LoggingFilter - Request /auth/customers/getDetails GET 
2026-04-06 00:09:06 INFO  com.coforge.security.JwtAuthenticationFilter - Authorised User: Gaurav 8876543234 gaurav3@mail.com
2026-04-06 00:09:06 INFO  com.coforge.filters.LoggingFilter - Request /auth/transactions/all GET 
2026-04-06 00:09:16 INFO  com.coforge.security.JwtAuthenticationFilter - Authorised User: Gaurav 8876543234 gaurav3@mail.com
2026-04-06 00:09:16 INFO  com.coforge.filters.LoggingFilter - Request /auth/transactions/subcategory/MOBILE_RECHARGE GET 
2026-04-06 00:09:25 INFO  com.coforge.security.JwtAuthenticationFilter - Authorised User: Gaurav 8876543234 gaurav3@mail.com
2026-04-06 00:09:25 INFO  com.coforge.filters.LoggingFilter - Request /auth/transactions/category/BENEFICIARY_TRANSFER GET 
2026-04-06 00:09:41 INFO  com.coforge.security.JwtAuthenticationFilter - Authorised User: Gaurav 8876543234 gaurav3@mail.com
2026-04-06 00:09:41 INFO  com.coforge.filters.LoggingFilter - Request /auth/transactions/56 DELETE 
2026-04-06 00:09:41 INFO  com.coforge.security.JwtAuthenticationFilter - Authorised User: Gaurav 8876543234 gaurav3@mail.com
2026-04-06 00:09:41 INFO  com.coforge.filters.LoggingFilter - Request /auth/transactions/all GET 
2026-04-06 00:10:24 INFO  com.coforge.security.JwtAuthenticationFilter - Authorised User: Gaurav 8876543234 gaurav3@mail.com
2026-04-06 00:10:24 INFO  com.coforge.filters.LoggingFilter - Request /auth/transactions/all GET 
2026-04-06 00:10:43 INFO  com.coforge.security.JwtAuthenticationFilter - Authorised User: Gaurav 8876543234 gaurav3@mail.com
2026-04-06 00:10:43 INFO  com.coforge.filters.LoggingFilter - Request /auth/transactions/204 DELETE 
2026-04-06 00:10:43 INFO  com.coforge.security.JwtAuthenticationFilter - Authorised User: Gaurav 8876543234 gaurav3@mail.com
2026-04-06 00:10:43 INFO  com.coforge.filters.LoggingFilter - Request /auth/transactions/all GET 
2026-04-06 00:10:56 INFO  com.coforge.security.JwtAuthenticationFilter - Authorised User: Gaurav 8876543234 gaurav3@mail.com
2026-04-06 00:10:56 INFO  com.coforge.filters.LoggingFilter - Request /auth/beneficiary GET 
2026-04-06 00:10:57 INFO  com.coforge.security.JwtAuthenticationFilter - Authorised User: Gaurav 8876543234 gaurav3@mail.com
2026-04-06 00:10:57 INFO  com.coforge.filters.LoggingFilter - Request /auth/bankAccount GET 
2026-04-06 00:10:58 INFO  com.coforge.security.JwtAuthenticationFilter - Authorised User: Gaurav 8876543234 gaurav3@mail.com
2026-04-06 00:10:58 INFO  com.coforge.filters.LoggingFilter - Request /auth/transactions/all GET 
2026-04-06 00:10:59 INFO  com.coforge.security.JwtAuthenticationFilter - Authorised User: Gaurav 8876543234 gaurav3@mail.com
2026-04-06 00:10:59 INFO  com.coforge.filters.LoggingFilter - Request /auth/billPayments/getAll GET 
2026-04-06 00:13:12 INFO  com.coforge.security.JwtAuthenticationFilter - Authorised User: Gaurav 8876543234 gaurav3@mail.com
2026-04-06 00:13:12 INFO  com.coforge.filters.LoggingFilter - Request /auth/billPayments/getAll GET 
2026-04-06 00:16:26 INFO  com.coforge.security.JwtAuthenticationFilter - Authorised User: Gaurav 8876543234 gaurav3@mail.com
2026-04-06 00:16:26 INFO  com.coforge.filters.LoggingFilter - Request /auth/billPayments/getAll GET 
2026-04-06 00:17:24 INFO  com.coforge.security.JwtAuthenticationFilter - Authorised User: Gaurav 8876543234 gaurav3@mail.com
2026-04-06 00:17:24 INFO  com.coforge.filters.LoggingFilter - Request /auth/billPayments/getAll GET 
2026-04-06 00:19:52 INFO  com.coforge.security.JwtAuthenticationFilter - Authorised User: Gaurav 8876543234 gaurav3@mail.com
2026-04-06 00:19:52 INFO  com.coforge.filters.LoggingFilter - Request /auth/transactions/all GET 
2026-04-06 00:21:24 INFO  com.coforge.security.JwtAuthenticationFilter - Authorised User: Gaurav 8876543234 gaurav3@mail.com
2026-04-06 00:21:24 INFO  com.coforge.filters.LoggingFilter - Request /auth/transactions/all GET 
2026-04-06 00:23:33 INFO  com.coforge.security.JwtAuthenticationFilter - Authorised User: Gaurav 8876543234 gaurav3@mail.com
2026-04-06 00:23:33 INFO  com.coforge.filters.LoggingFilter - Request /auth/transactions/all GET 
2026-04-06 00:28:24 INFO  com.coforge.security.JwtAuthenticationFilter - Authorised User: Gaurav 8876543234 gaurav3@mail.com
2026-04-06 00:28:24 INFO  com.coforge.filters.LoggingFilter - Request /auth/transactions/all GET 
2026-04-06 00:31:20 INFO  com.coforge.security.JwtAuthenticationFilter - Authorised User: Gaurav 8876543234 gaurav3@mail.com
2026-04-06 00:31:20 INFO  com.coforge.filters.LoggingFilter - Request /auth/billPayments/getAll GET 
2026-04-06 00:31:39 INFO  com.coforge.security.JwtAuthenticationFilter - Authorised User: Gaurav 8876543234 gaurav3@mail.com
2026-04-06 00:31:39 INFO  com.coforge.filters.LoggingFilter - Request /auth/billPayments/create POST 
2026-04-06 00:31:39 INFO  com.coforge.security.JwtAuthenticationFilter - Authorised User: Gaurav 8876543234 gaurav3@mail.com
2026-04-06 00:31:39 INFO  com.coforge.filters.LoggingFilter - Request /auth/billPayments/getAll GET 
2026-04-06 00:31:59 INFO  com.coforge.security.JwtAuthenticationFilter - Authorised User: Gaurav 8876543234 gaurav3@mail.com
2026-04-06 00:31:59 INFO  com.coforge.filters.LoggingFilter - Request /auth/transactions/all GET 
2026-04-06 00:32:02 INFO  com.coforge.security.JwtAuthenticationFilter - Authorised User: Gaurav 8876543234 gaurav3@mail.com
2026-04-06 00:32:02 INFO  com.coforge.filters.LoggingFilter - Request /auth/transactions/all GET 
2026-04-06 00:34:59 INFO  com.coforge.security.JwtAuthenticationFilter - Authorised User: Gaurav 8876543234 gaurav3@mail.com
2026-04-06 00:34:59 INFO  com.coforge.filters.LoggingFilter - Request /auth/transactions/all GET 
2026-04-06 00:35:41 INFO  com.coforge.security.JwtAuthenticationFilter - Authorised User: Gaurav 8876543234 gaurav3@mail.com
2026-04-06 00:35:41 INFO  com.coforge.filters.LoggingFilter - Request /auth/billPayments/getAll GET 
2026-04-06 00:37:30 INFO  com.coforge.security.JwtAuthenticationFilter - Authorised User: Gaurav 8876543234 gaurav3@mail.com
2026-04-06 00:37:30 INFO  com.coforge.filters.LoggingFilter - Request /auth/billPayments/getAll GET 
2026-04-06 00:41:04 INFO  com.coforge.security.JwtAuthenticationFilter - Authorised User: Gaurav 8876543234 gaurav3@mail.com
2026-04-06 00:41:04 INFO  com.coforge.filters.LoggingFilter - Request /auth/billPayments/getAll GET 
2026-04-06 00:55:10 INFO  com.coforge.security.JwtAuthenticationFilter - Authorised User: Gaurav 8876543234 gaurav3@mail.com
2026-04-06 00:55:10 INFO  com.coforge.filters.LoggingFilter - Request /auth/billPayments/getAll GET 
2026-04-06 00:57:16 INFO  com.coforge.security.JwtAuthenticationFilter - Authorised User: Gaurav 8876543234 gaurav3@mail.com
2026-04-06 00:57:16 INFO  com.coforge.filters.LoggingFilter - Request /auth/billPayments/getAll GET 
2026-04-06 01:04:29 INFO  com.coforge.security.JwtAuthenticationFilter - Authorised User: Gaurav 8876543234 gaurav3@mail.com
2026-04-06 01:04:29 INFO  com.coforge.filters.LoggingFilter - Request /auth/billPayments/getAll GET 
2026-04-06 01:06:51 INFO  com.coforge.security.JwtAuthenticationFilter - Authorised User: Gaurav 8876543234 gaurav3@mail.com
2026-04-06 01:06:51 INFO  com.coforge.filters.LoggingFilter - Request /auth/billPayments/getAll GET 
2026-04-06 01:07:39 INFO  com.coforge.security.JwtAuthenticationFilter - Authorised User: Gaurav 8876543234 gaurav3@mail.com
2026-04-06 01:07:39 INFO  com.coforge.filters.LoggingFilter - Request /auth/billPayments/create POST 
2026-04-06 01:07:39 INFO  com.coforge.security.JwtAuthenticationFilter - Authorised User: Gaurav 8876543234 gaurav3@mail.com
2026-04-06 01:07:39 INFO  com.coforge.filters.LoggingFilter - Request /auth/billPayments/getAll GET 
2026-04-06 01:07:50 INFO  com.coforge.security.JwtAuthenticationFilter - Authorised User: Gaurav 8876543234 gaurav3@mail.com
2026-04-06 01:07:50 INFO  com.coforge.filters.LoggingFilter - Request /auth/billPayments/getByType/MOBILE_RECHARGE GET 
2026-04-06 01:07:52 INFO  com.coforge.security.JwtAuthenticationFilter - Authorised User: Gaurav 8876543234 gaurav3@mail.com
2026-04-06 01:07:52 INFO  com.coforge.filters.LoggingFilter - Request /auth/customers/getDetails GET 
2026-04-06 01:08:20 INFO  com.coforge.security.JwtAuthenticationFilter - Authorised User: Gaurav 8876543234 gaurav3@mail.com
2026-04-06 01:08:20 INFO  com.coforge.filters.LoggingFilter - Request /auth/wallets GET 
2026-04-06 01:08:25 INFO  com.coforge.security.JwtAuthenticationFilter - Authorised User: Gaurav 8876543234 gaurav3@mail.com
2026-04-06 01:08:25 INFO  com.coforge.filters.LoggingFilter - Request /auth/bankAccount GET 
2026-04-06 01:10:16 INFO  com.coforge.security.JwtAuthenticationFilter - Authorised User: Gaurav 8876543234 gaurav3@mail.com
2026-04-06 01:10:16 INFO  com.coforge.filters.LoggingFilter - Request /auth/bankAccount GET 
2026-04-06 01:10:18 INFO  com.coforge.security.JwtAuthenticationFilter - Authorised User: Gaurav 8876543234 gaurav3@mail.com
2026-04-06 01:10:18 INFO  com.coforge.filters.LoggingFilter - Request /auth/customers/getDetails GET 
2026-04-06 01:13:57 INFO  com.coforge.PaymentWalletApplication - Starting PaymentWalletApplication using Java 21.0.10 with PID 23180 (C:\Users\Gaurav.Kuriyal\JavaTrainingProjects\PaymentApplicationProject\mergedMainBranch1\Payment-WalletApplication\Payment-WalletApplication\target\classes started by Gaurav.Kuriyal in C:\Users\Gaurav.Kuriyal\JavaTrainingProjects\PaymentApplicationProject\mergedMainBranch1\Payment-WalletApplication\Payment-WalletApplication)
2026-04-06 01:13:57 INFO  com.coforge.PaymentWalletApplication - No active profile set, falling back to 1 default profile: "default"
2026-04-06 01:13:59 INFO  com.coforge.PaymentWalletApplication - Started PaymentWalletApplication in 1.643 seconds (process running for 25173.352)
2026-04-06 01:15:17 INFO  com.coforge.filters.LoggingFilter - Request /customers/login POST 
2026-04-06 01:15:17 INFO  com.coforge.security.JwtAuthenticationFilter - Authorised User: Gaurav 8876543234 gaurav3@mail.com
2026-04-06 01:15:17 INFO  com.coforge.filters.LoggingFilter - Request /auth/customers/getDetails GET 
2026-04-06 01:15:27 INFO  com.coforge.security.JwtAuthenticationFilter - Authorised User: Gaurav 8876543234 gaurav3@mail.com
2026-04-06 01:15:27 INFO  com.coforge.filters.LoggingFilter - Request /auth/bankAccount GET 
2026-04-06 01:16:02 INFO  com.coforge.security.JwtAuthenticationFilter - Authorised User: Gaurav 8876543234 gaurav3@mail.com
2026-04-06 01:16:02 INFO  com.coforge.filters.LoggingFilter - Request /auth/bankAccount/add POST 
2026-04-06 01:16:32 INFO  com.coforge.security.JwtAuthenticationFilter - Authorised User: Gaurav 8876543234 gaurav3@mail.com
2026-04-06 01:16:32 INFO  com.coforge.filters.LoggingFilter - Request /auth/bankAccount GET 
2026-04-06 01:18:15 INFO  com.coforge.security.JwtAuthenticationFilter - Authorised User: Gaurav 8876543234 gaurav3@mail.com
2026-04-06 01:18:15 INFO  com.coforge.filters.LoggingFilter - Request /auth/bankAccount/add POST 
2026-04-06 01:18:30 INFO  com.coforge.security.JwtAuthenticationFilter - Authorised User: Gaurav 8876543234 gaurav3@mail.com
2026-04-06 01:18:30 INFO  com.coforge.filters.LoggingFilter - Request /auth/bankAccount/add POST 
2026-04-06 01:31:28 INFO  com.coforge.security.JwtAuthenticationFilter - Authorised User: Gaurav 8876543234 gaurav3@mail.com
2026-04-06 01:31:28 INFO  com.coforge.filters.LoggingFilter - Request /auth/bankAccount/add POST 
2026-04-06 01:31:28 INFO  com.coforge.security.JwtAuthenticationFilter - Authorised User: Gaurav 8876543234 gaurav3@mail.com
2026-04-06 01:31:28 INFO  com.coforge.filters.LoggingFilter - Request /auth/bankAccount GET 
2026-04-06 01:31:33 INFO  com.coforge.security.JwtAuthenticationFilter - Authorised User: Gaurav 8876543234 gaurav3@mail.com
2026-04-06 01:31:33 INFO  com.coforge.filters.LoggingFilter - Request /auth/bankAccount GET 
2026-04-06 01:32:02 INFO  com.coforge.PaymentWalletApplication - Starting PaymentWalletApplication using Java 21.0.10 with PID 23180 (C:\Users\Gaurav.Kuriyal\JavaTrainingProjects\PaymentApplicationProject\mergedMainBranch1\Payment-WalletApplication\Payment-WalletApplication\target\classes started by Gaurav.Kuriyal in C:\Users\Gaurav.Kuriyal\JavaTrainingProjects\PaymentApplicationProject\mergedMainBranch1\Payment-WalletApplication\Payment-WalletApplication)
2026-04-06 01:32:02 INFO  com.coforge.PaymentWalletApplication - No active profile set, falling back to 1 default profile: "default"
2026-04-06 01:32:03 INFO  com.coforge.PaymentWalletApplication - Started PaymentWalletApplication in 1.237 seconds (process running for 26257.229)
2026-04-06 01:32:28 INFO  com.coforge.PaymentWalletApplication - Starting PaymentWalletApplication using Java 21.0.10 with PID 23180 (C:\Users\Gaurav.Kuriyal\JavaTrainingProjects\PaymentApplicationProject\mergedMainBranch1\Payment-WalletApplication\Payment-WalletApplication\target\classes started by Gaurav.Kuriyal in C:\Users\Gaurav.Kuriyal\JavaTrainingProjects\PaymentApplicationProject\mergedMainBranch1\Payment-WalletApplication\Payment-WalletApplication)
2026-04-06 01:32:28 INFO  com.coforge.PaymentWalletApplication - No active profile set, falling back to 1 default profile: "default"
2026-04-06 01:32:30 INFO  com.coforge.PaymentWalletApplication - Started PaymentWalletApplication in 1.342 seconds (process running for 26284.207)
2026-04-06 01:32:54 INFO  com.coforge.PaymentWalletApplication - Starting PaymentWalletApplication using Java 21.0.10 with PID 23180 (C:\Users\Gaurav.Kuriyal\JavaTrainingProjects\PaymentApplicationProject\mergedMainBranch1\Payment-WalletApplication\Payment-WalletApplication\target\classes started by Gaurav.Kuriyal in C:\Users\Gaurav.Kuriyal\JavaTrainingProjects\PaymentApplicationProject\mergedMainBranch1\Payment-WalletApplication\Payment-WalletApplication)
2026-04-06 01:32:54 INFO  com.coforge.PaymentWalletApplication - No active profile set, falling back to 1 default profile: "default"
2026-04-06 01:32:55 INFO  com.coforge.PaymentWalletApplication - Started PaymentWalletApplication in 1.413 seconds (process running for 26309.501)
2026-04-06 01:37:07 INFO  com.coforge.security.JwtAuthenticationFilter - Authorised User: Gaurav 8876543234 gaurav3@mail.com
2026-04-06 01:37:07 INFO  com.coforge.filters.LoggingFilter - Request /auth/beneficiary GET 
2026-04-06 01:37:47 INFO  com.coforge.security.JwtAuthenticationFilter - Authorised User: Gaurav 8876543234 gaurav3@mail.com
2026-04-06 01:37:47 INFO  com.coforge.filters.LoggingFilter - Request /auth/billPayments/getAll GET 
2026-04-06 01:38:46 INFO  com.coforge.PaymentWalletApplication - Starting PaymentWalletApplication using Java 21.0.10 with PID 23180 (C:\Users\Gaurav.Kuriyal\JavaTrainingProjects\PaymentApplicationProject\mergedMainBranch1\Payment-WalletApplication\Payment-WalletApplication\target\classes started by Gaurav.Kuriyal in C:\Users\Gaurav.Kuriyal\JavaTrainingProjects\PaymentApplicationProject\mergedMainBranch1\Payment-WalletApplication\Payment-WalletApplication)
2026-04-06 01:38:46 INFO  com.coforge.PaymentWalletApplication - No active profile set, falling back to 1 default profile: "default"
2026-04-06 01:38:47 INFO  com.coforge.PaymentWalletApplication - Started PaymentWalletApplication in 1.381 seconds (process running for 26661.433)
2026-04-06 01:38:54 INFO  com.coforge.PaymentWalletApplication - Starting PaymentWalletApplication using Java 21.0.10 with PID 23180 (C:\Users\Gaurav.Kuriyal\JavaTrainingProjects\PaymentApplicationProject\mergedMainBranch1\Payment-WalletApplication\Payment-WalletApplication\target\classes started by Gaurav.Kuriyal in C:\Users\Gaurav.Kuriyal\JavaTrainingProjects\PaymentApplicationProject\mergedMainBranch1\Payment-WalletApplication\Payment-WalletApplication)
2026-04-06 01:38:54 INFO  com.coforge.PaymentWalletApplication - No active profile set, falling back to 1 default profile: "default"
2026-04-06 01:38:55 INFO  com.coforge.PaymentWalletApplication - Started PaymentWalletApplication in 1.207 seconds (process running for 26669.554)
2026-04-06 01:41:03 INFO  com.coforge.security.JwtAuthenticationFilter - Authorised User: Gaurav 8876543234 gaurav3@mail.com
2026-04-06 01:41:03 INFO  com.coforge.filters.LoggingFilter - Request /auth/bankAccount GET 
2026-04-06 01:43:30 INFO  com.coforge.security.JwtAuthenticationFilter - Authorised User: Gaurav 8876543234 gaurav3@mail.com
2026-04-06 01:43:30 INFO  com.coforge.filters.LoggingFilter - Request /auth/bankAccount GET 
2026-04-06 01:45:15 INFO  com.coforge.security.JwtAuthenticationFilter - Authorised User: Gaurav 8876543234 gaurav3@mail.com
2026-04-06 01:45:15 INFO  com.coforge.filters.LoggingFilter - Request /auth/bankAccount GET 
2026-04-06 01:45:57 INFO  com.coforge.security.JwtAuthenticationFilter - Authorised User: Gaurav 8876543234 gaurav3@mail.com
2026-04-06 01:45:57 INFO  com.coforge.filters.LoggingFilter - Request /auth/bankAccount GET 
2026-04-06 01:48:49 INFO  com.coforge.security.JwtAuthenticationFilter - Authorised User: Gaurav 8876543234 gaurav3@mail.com
2026-04-06 01:48:49 INFO  com.coforge.filters.LoggingFilter - Request /auth/beneficiary GET 
2026-04-06 01:48:50 INFO  com.coforge.security.JwtAuthenticationFilter - Authorised User: Gaurav 8876543234 gaurav3@mail.com
2026-04-06 01:48:50 INFO  com.coforge.filters.LoggingFilter - Request /auth/billPayments/getAll GET 
2026-04-06 01:49:36 INFO  com.coforge.PaymentWalletApplication - Starting PaymentWalletApplication using Java 21.0.10 with PID 23180 (C:\Users\Gaurav.Kuriyal\JavaTrainingProjects\PaymentApplicationProject\mergedMainBranch1\Payment-WalletApplication\Payment-WalletApplication\target\classes started by Gaurav.Kuriyal in C:\Users\Gaurav.Kuriyal\JavaTrainingProjects\PaymentApplicationProject\mergedMainBranch1\Payment-WalletApplication\Payment-WalletApplication)
2026-04-06 01:49:36 INFO  com.coforge.PaymentWalletApplication - No active profile set, falling back to 1 default profile: "default"
2026-04-06 01:49:37 INFO  com.coforge.PaymentWalletApplication - Started PaymentWalletApplication in 1.259 seconds (process running for 27311.324)
2026-04-06 01:49:46 INFO  com.coforge.PaymentWalletApplication - Starting PaymentWalletApplication using Java 21.0.10 with PID 23180 (C:\Users\Gaurav.Kuriyal\JavaTrainingProjects\PaymentApplicationProject\mergedMainBranch1\Payment-WalletApplication\Payment-WalletApplication\target\classes started by Gaurav.Kuriyal in C:\Users\Gaurav.Kuriyal\JavaTrainingProjects\PaymentApplicationProject\mergedMainBranch1\Payment-WalletApplication\Payment-WalletApplication)
2026-04-06 01:49:46 INFO  com.coforge.PaymentWalletApplication - No active profile set, falling back to 1 default profile: "default"
2026-04-06 01:49:47 INFO  com.coforge.PaymentWalletApplication - Started PaymentWalletApplication in 1.24 seconds (process running for 27321.624)
2026-04-06 01:50:02 INFO  com.coforge.PaymentWalletApplication - Starting PaymentWalletApplication using Java 21.0.10 with PID 23180 (C:\Users\Gaurav.Kuriyal\JavaTrainingProjects\PaymentApplicationProject\mergedMainBranch1\Payment-WalletApplication\Payment-WalletApplication\target\classes started by Gaurav.Kuriyal in C:\Users\Gaurav.Kuriyal\JavaTrainingProjects\PaymentApplicationProject\mergedMainBranch1\Payment-WalletApplication\Payment-WalletApplication)
2026-04-06 01:50:02 INFO  com.coforge.PaymentWalletApplication - No active profile set, falling back to 1 default profile: "default"
2026-04-06 01:50:03 INFO  com.coforge.PaymentWalletApplication - Started PaymentWalletApplication in 1.09 seconds (process running for 27337.025)
2026-04-06 01:51:19 INFO  com.coforge.PaymentWalletApplication - Starting PaymentWalletApplication using Java 21.0.10 with PID 23180 (C:\Users\Gaurav.Kuriyal\JavaTrainingProjects\PaymentApplicationProject\mergedMainBranch1\Payment-WalletApplication\Payment-WalletApplication\target\classes started by Gaurav.Kuriyal in C:\Users\Gaurav.Kuriyal\JavaTrainingProjects\PaymentApplicationProject\mergedMainBranch1\Payment-WalletApplication\Payment-WalletApplication)
2026-04-06 01:51:19 INFO  com.coforge.PaymentWalletApplication - No active profile set, falling back to 1 default profile: "default"
2026-04-06 01:51:20 INFO  com.coforge.PaymentWalletApplication - Started PaymentWalletApplication in 1.02 seconds (process running for 27413.994)
2026-04-06 01:51:24 INFO  com.coforge.PaymentWalletApplication - Starting PaymentWalletApplication using Java 21.0.10 with PID 23180 (C:\Users\Gaurav.Kuriyal\JavaTrainingProjects\PaymentApplicationProject\mergedMainBranch1\Payment-WalletApplication\Payment-WalletApplication\target\classes started by Gaurav.Kuriyal in C:\Users\Gaurav.Kuriyal\JavaTrainingProjects\PaymentApplicationProject\mergedMainBranch1\Payment-WalletApplication\Payment-WalletApplication)
2026-04-06 01:51:24 INFO  com.coforge.PaymentWalletApplication - No active profile set, falling back to 1 default profile: "default"
2026-04-06 01:51:26 INFO  com.coforge.PaymentWalletApplication - Started PaymentWalletApplication in 1.106 seconds (process running for 27419.978)
2026-04-06 01:51:29 INFO  com.coforge.PaymentWalletApplication - Starting PaymentWalletApplication using Java 21.0.10 with PID 23180 (C:\Users\Gaurav.Kuriyal\JavaTrainingProjects\PaymentApplicationProject\mergedMainBranch1\Payment-WalletApplication\Payment-WalletApplication\target\classes started by Gaurav.Kuriyal in C:\Users\Gaurav.Kuriyal\JavaTrainingProjects\PaymentApplicationProject\mergedMainBranch1\Payment-WalletApplication\Payment-WalletApplication)
2026-04-06 01:51:29 INFO  com.coforge.PaymentWalletApplication - No active profile set, falling back to 1 default profile: "default"
2026-04-06 01:51:31 INFO  com.coforge.PaymentWalletApplication - Started PaymentWalletApplication in 1.552 seconds (process running for 27425.243)
2026-04-06 01:52:13 INFO  com.coforge.PaymentWalletApplication - Starting PaymentWalletApplication using Java 21.0.10 with PID 23180 (C:\Users\Gaurav.Kuriyal\JavaTrainingProjects\PaymentApplicationProject\mergedMainBranch1\Payment-WalletApplication\Payment-WalletApplication\target\classes started by Gaurav.Kuriyal in C:\Users\Gaurav.Kuriyal\JavaTrainingProjects\PaymentApplicationProject\mergedMainBranch1\Payment-WalletApplication\Payment-WalletApplication)
2026-04-06 01:52:13 INFO  com.coforge.PaymentWalletApplication - No active profile set, falling back to 1 default profile: "default"
2026-04-06 01:52:14 INFO  com.coforge.PaymentWalletApplication - Started PaymentWalletApplication in 1.155 seconds (process running for 27468.508)
2026-04-06 01:53:21 INFO  com.coforge.PaymentWalletApplication - Starting PaymentWalletApplication using Java 21.0.10 with PID 23180 (C:\Users\Gaurav.Kuriyal\JavaTrainingProjects\PaymentApplicationProject\mergedMainBranch1\Payment-WalletApplication\Payment-WalletApplication\target\classes started by Gaurav.Kuriyal in C:\Users\Gaurav.Kuriyal\JavaTrainingProjects\PaymentApplicationProject\mergedMainBranch1\Payment-WalletApplication\Payment-WalletApplication)
2026-04-06 01:53:21 INFO  com.coforge.PaymentWalletApplication - No active profile set, falling back to 1 default profile: "default"
2026-04-06 01:53:22 INFO  com.coforge.PaymentWalletApplication - Started PaymentWalletApplication in 1.008 seconds (process running for 27536.83)
2026-04-06 01:55:04 INFO  com.coforge.filters.LoggingFilter - Request /customers/login POST 
2026-04-06 01:55:04 INFO  com.coforge.security.JwtAuthenticationFilter - Authorised User: Admin 9999999999 admin@mail.com
2026-04-06 01:55:04 INFO  com.coforge.security.JwtAuthenticationFilter - Authorised User: Admin 9999999999 admin@mail.com
2026-04-06 01:55:04 INFO  com.coforge.filters.LoggingFilter - Request /admin/bankAccount GET 
2026-04-06 01:55:04 INFO  com.coforge.filters.LoggingFilter - Request /admin/wallets GET 
2026-04-06 01:55:04 INFO  com.coforge.security.JwtAuthenticationFilter - Authorised User: Admin 9999999999 admin@mail.com
2026-04-06 01:55:04 INFO  com.coforge.filters.LoggingFilter - Request /admin/customers GET 
2026-04-06 01:55:04 INFO  com.coforge.security.JwtAuthenticationFilter - Authorised User: Admin 9999999999 admin@mail.com
2026-04-06 01:55:04 INFO  com.coforge.filters.LoggingFilter - Request /admin/transactions/all GET 
2026-04-06 01:55:18 INFO  com.coforge.security.JwtAuthenticationFilter - Authorised User: Admin 9999999999 admin@mail.com
2026-04-06 01:55:18 INFO  com.coforge.filters.LoggingFilter - Request /admin/beneficiaries GET 
2026-04-06 01:55:56 INFO  com.coforge.security.JwtAuthenticationFilter - Authorised User: Admin 9999999999 admin@mail.com
2026-04-06 01:55:56 INFO  com.coforge.filters.LoggingFilter - Request /admin/bankAccount GET 
2026-04-06 01:56:02 INFO  com.coforge.security.JwtAuthenticationFilter - Authorised User: Admin 9999999999 admin@mail.com
2026-04-06 01:56:02 INFO  com.coforge.filters.LoggingFilter - Request /admin/bankAccount/search GET ?query=Gaurav
2026-04-06 01:56:19 INFO  com.coforge.security.JwtAuthenticationFilter - Authorised User: Admin 9999999999 admin@mail.com
2026-04-06 01:56:19 INFO  com.coforge.filters.LoggingFilter - Request /admin/beneficiaries GET 
2026-04-06 01:56:24 INFO  com.coforge.security.JwtAuthenticationFilter - Authorised User: Admin 9999999999 admin@mail.com
2026-04-06 01:56:24 INFO  com.coforge.filters.LoggingFilter - Request /admin/beneficiaries GET 
2026-04-06 01:56:31 INFO  com.coforge.security.JwtAuthenticationFilter - Authorised User: Admin 9999999999 admin@mail.com
2026-04-06 01:56:31 INFO  com.coforge.filters.LoggingFilter - Request /admin/beneficiaries GET 
2026-04-06 01:57:39 INFO  com.coforge.security.JwtAuthenticationFilter - Authorised User: Admin 9999999999 admin@mail.com
2026-04-06 01:57:39 INFO  com.coforge.filters.LoggingFilter - Request /admin/beneficiaries GET 
2026-04-06 01:57:40 INFO  com.coforge.security.JwtAuthenticationFilter - Authorised User: Admin 9999999999 admin@mail.com
2026-04-06 01:57:40 INFO  com.coforge.filters.LoggingFilter - Request /admin/beneficiaries GET 
2026-04-06 01:58:57 INFO  com.coforge.security.JwtAuthenticationFilter - Authorised User: Admin 9999999999 admin@mail.com
2026-04-06 01:58:57 INFO  com.coforge.filters.LoggingFilter - Request /admin/beneficiaries GET 
2026-04-06 01:59:02 INFO  com.coforge.security.JwtAuthenticationFilter - Authorised User: Admin 9999999999 admin@mail.com
2026-04-06 01:59:02 INFO  com.coforge.filters.LoggingFilter - Request /admin/beneficiaries/customer/Mayank GET 
2026-04-06 02:00:04 INFO  com.coforge.security.JwtAuthenticationFilter - Authorised User: Admin 9999999999 admin@mail.com
2026-04-06 02:00:04 INFO  com.coforge.filters.LoggingFilter - Request /admin/beneficiaries GET 
2026-04-06 02:00:11 INFO  com.coforge.security.JwtAuthenticationFilter - Authorised User: Admin 9999999999 admin@mail.com
2026-04-06 02:00:11 INFO  com.coforge.filters.LoggingFilter - Request /admin/beneficiaries/customer/2 GET 
2026-04-06 02:00:11 ERROR com.coforge.exception.GlobalExceptionHandler - Error: Customer Not Found2
2026-04-06 02:01:49 INFO  com.coforge.PaymentWalletApplication - Starting PaymentWalletApplication using Java 21.0.10 with PID 23180 (C:\Users\Gaurav.Kuriyal\JavaTrainingProjects\PaymentApplicationProject\mergedMainBranch1\Payment-WalletApplication\Payment-WalletApplication\target\classes started by Gaurav.Kuriyal in C:\Users\Gaurav.Kuriyal\JavaTrainingProjects\PaymentApplicationProject\mergedMainBranch1\Payment-WalletApplication\Payment-WalletApplication)
2026-04-06 02:01:49 INFO  com.coforge.PaymentWalletApplication - No active profile set, falling back to 1 default profile: "default"
2026-04-06 02:02:08 INFO  com.coforge.PaymentWalletApplication - Starting PaymentWalletApplication using Java 21.0.10 with PID 23180 (C:\Users\Gaurav.Kuriyal\JavaTrainingProjects\PaymentApplicationProject\mergedMainBranch1\Payment-WalletApplication\Payment-WalletApplication\target\classes started by Gaurav.Kuriyal in C:\Users\Gaurav.Kuriyal\JavaTrainingProjects\PaymentApplicationProject\mergedMainBranch1\Payment-WalletApplication\Payment-WalletApplication)
2026-04-06 02:02:08 INFO  com.coforge.PaymentWalletApplication - No active profile set, falling back to 1 default profile: "default"
2026-04-06 02:02:09 INFO  com.coforge.PaymentWalletApplication - Started PaymentWalletApplication in 1.254 seconds (process running for 28063.167)
2026-04-06 02:02:32 INFO  com.coforge.PaymentWalletApplication - Starting PaymentWalletApplication using Java 21.0.10 with PID 23180 (C:\Users\Gaurav.Kuriyal\JavaTrainingProjects\PaymentApplicationProject\mergedMainBranch1\Payment-WalletApplication\Payment-WalletApplication\target\classes started by Gaurav.Kuriyal in C:\Users\Gaurav.Kuriyal\JavaTrainingProjects\PaymentApplicationProject\mergedMainBranch1\Payment-WalletApplication\Payment-WalletApplication)
2026-04-06 02:02:32 INFO  com.coforge.PaymentWalletApplication - No active profile set, falling back to 1 default profile: "default"
2026-04-06 02:02:32 INFO  com.coforge.PaymentWalletApplication - Started PaymentWalletApplication in 0.951 seconds (process running for 28086.888)
2026-04-06 02:02:46 INFO  com.coforge.PaymentWalletApplication - Starting PaymentWalletApplication using Java 21.0.10 with PID 23180 (C:\Users\Gaurav.Kuriyal\JavaTrainingProjects\PaymentApplicationProject\mergedMainBranch1\Payment-WalletApplication\Payment-WalletApplication\target\classes started by Gaurav.Kuriyal in C:\Users\Gaurav.Kuriyal\JavaTrainingProjects\PaymentApplicationProject\mergedMainBranch1\Payment-WalletApplication\Payment-WalletApplication)
2026-04-06 02:02:46 INFO  com.coforge.PaymentWalletApplication - No active profile set, falling back to 1 default profile: "default"
2026-04-06 02:02:47 INFO  com.coforge.PaymentWalletApplication - Started PaymentWalletApplication in 1.495 seconds (process running for 28101.836)
2026-04-06 02:02:48 INFO  com.coforge.security.JwtAuthenticationFilter - Authorised User: Admin 9999999999 admin@mail.com
2026-04-06 02:02:48 INFO  com.coforge.filters.LoggingFilter - Request /admin/beneficiaries/customer/2 GET 
2026-04-06 02:02:48 ERROR com.coforge.exception.GlobalExceptionHandler - Error: Customer Not Found2
2026-04-06 02:02:49 INFO  com.coforge.security.JwtAuthenticationFilter - Authorised User: Admin 9999999999 admin@mail.com
2026-04-06 02:02:49 INFO  com.coforge.filters.LoggingFilter - Request /admin/beneficiaries/customer/2 GET 
2026-04-06 02:02:49 ERROR com.coforge.exception.GlobalExceptionHandler - Error: Customer Not Found2
2026-04-06 02:02:51 INFO  com.coforge.security.JwtAuthenticationFilter - Authorised User: Admin 9999999999 admin@mail.com
2026-04-06 02:02:51 INFO  com.coforge.filters.LoggingFilter - Request /admin/beneficiaries GET 
2026-04-06 02:02:54 INFO  com.coforge.security.JwtAuthenticationFilter - Authorised User: Admin 9999999999 admin@mail.com
2026-04-06 02:02:54 INFO  com.coforge.filters.LoggingFilter - Request /admin/beneficiaries/customer/2 GET 
2026-04-06 02:02:54 ERROR com.coforge.exception.GlobalExceptionHandler - Error: Customer Not Found2
2026-04-06 02:03:57 INFO  com.coforge.security.JwtAuthenticationFilter - Authorised User: Admin 9999999999 admin@mail.com
2026-04-06 02:03:57 INFO  com.coforge.filters.LoggingFilter - Request /admin/beneficiaries GET 
2026-04-06 02:04:02 INFO  com.coforge.security.JwtAuthenticationFilter - Authorised User: Admin 9999999999 admin@mail.com
2026-04-06 02:04:02 INFO  com.coforge.filters.LoggingFilter - Request /admin/beneficiaries/customer/1 GET 
2026-04-06 02:04:05 INFO  com.coforge.security.JwtAuthenticationFilter - Authorised User: Admin 9999999999 admin@mail.com
2026-04-06 02:04:05 INFO  com.coforge.filters.LoggingFilter - Request /admin/beneficiaries/customer/2 GET 
2026-04-06 02:04:05 ERROR com.coforge.exception.GlobalExceptionHandler - Error: Customer Not Found2
2026-04-06 02:04:39 INFO  com.coforge.security.JwtAuthenticationFilter - Authorised User: Admin 9999999999 admin@mail.com
2026-04-06 02:04:39 INFO  com.coforge.filters.LoggingFilter - Request /admin/beneficiaries GET 
2026-04-06 02:04:42 INFO  com.coforge.security.JwtAuthenticationFilter - Authorised User: Admin 9999999999 admin@mail.com
2026-04-06 02:04:42 INFO  com.coforge.filters.LoggingFilter - Request /admin/beneficiaries/customer/3 GET 
2026-04-06 02:04:45 INFO  com.coforge.security.JwtAuthenticationFilter - Authorised User: Admin 9999999999 admin@mail.com
2026-04-06 02:04:45 INFO  com.coforge.filters.LoggingFilter - Request /admin/beneficiaries/customer/2 GET 
2026-04-06 02:04:45 ERROR com.coforge.exception.GlobalExceptionHandler - Error: Customer Not Found2
2026-04-06 02:05:12 INFO  com.coforge.security.JwtAuthenticationFilter - Authorised User: Admin 9999999999 admin@mail.com
2026-04-06 02:05:12 INFO  com.coforge.filters.LoggingFilter - Request /admin/beneficiaries GET 
2026-04-06 02:05:15 INFO  com.coforge.security.JwtAuthenticationFilter - Authorised User: Admin 9999999999 admin@mail.com
2026-04-06 02:05:15 INFO  com.coforge.filters.LoggingFilter - Request /admin/beneficiaries/customer/2 GET 
2026-04-06 02:05:15 ERROR com.coforge.exception.GlobalExceptionHandler - Error: Customer Not Found2
2026-04-06 02:05:32 INFO  com.coforge.security.JwtAuthenticationFilter - Authorised User: Admin 9999999999 admin@mail.com
2026-04-06 02:05:32 INFO  com.coforge.filters.LoggingFilter - Request /admin/beneficiaries/customer/5 GET 
2026-04-06 02:05:37 INFO  com.coforge.security.JwtAuthenticationFilter - Authorised User: Admin 9999999999 admin@mail.com
2026-04-06 02:05:37 INFO  com.coforge.filters.LoggingFilter - Request /admin/beneficiaries/customer/7 GET 
2026-04-06 02:05:38 INFO  com.coforge.security.JwtAuthenticationFilter - Authorised User: Admin 9999999999 admin@mail.com
2026-04-06 02:05:38 INFO  com.coforge.filters.LoggingFilter - Request /admin/beneficiaries GET 
2026-04-06 02:05:44 INFO  com.coforge.security.JwtAuthenticationFilter - Authorised User: Admin 9999999999 admin@mail.com
2026-04-06 02:05:44 INFO  com.coforge.filters.LoggingFilter - Request /admin/bankAccount GET 
2026-04-06 02:05:45 INFO  com.coforge.security.JwtAuthenticationFilter - Authorised User: Admin 9999999999 admin@mail.com
2026-04-06 02:05:45 INFO  com.coforge.filters.LoggingFilter - Request /admin/billPayments/getAll GET 
2026-04-06 02:05:53 INFO  com.coforge.security.JwtAuthenticationFilter - Authorised User: Admin 9999999999 admin@mail.com
2026-04-06 02:05:53 INFO  com.coforge.filters.LoggingFilter - Request /admin/billPayments/getByType/MOBILE_RECHARGE GET 
2026-04-06 02:05:55 INFO  com.coforge.security.JwtAuthenticationFilter - Authorised User: Admin 9999999999 admin@mail.com
2026-04-06 02:05:55 INFO  com.coforge.filters.LoggingFilter - Request /admin/transactions/all GET 
2026-04-06 02:07:54 INFO  com.coforge.security.JwtAuthenticationFilter - Authorised User: Admin 9999999999 admin@mail.com
2026-04-06 02:07:54 INFO  com.coforge.filters.LoggingFilter - Request /admin/transactions/all GET 
2026-04-06 02:08:56 INFO  com.coforge.security.JwtAuthenticationFilter - Authorised User: Admin 9999999999 admin@mail.com
2026-04-06 02:08:56 INFO  com.coforge.filters.LoggingFilter - Request /admin/transactions/all GET 
2026-04-06 02:09:01 INFO  com.coforge.security.JwtAuthenticationFilter - Authorised User: Admin 9999999999 admin@mail.com
2026-04-06 02:09:01 INFO  com.coforge.filters.LoggingFilter - Request /admin/transactions/all GET 
2026-04-06 02:12:35 INFO  com.coforge.security.JwtAuthenticationFilter - Authorised User: Admin 9999999999 admin@mail.com
2026-04-06 02:12:35 INFO  com.coforge.filters.LoggingFilter - Request /admin/transactions/all GET 
2026-04-06 02:12:43 INFO  com.coforge.security.JwtAuthenticationFilter - Authorised User: Admin 9999999999 admin@mail.com
2026-04-06 02:12:43 INFO  com.coforge.filters.LoggingFilter - Request /admin/transactions/subcategory/ELECTRICITY GET 
2026-04-06 02:13:13 INFO  com.coforge.security.JwtAuthenticationFilter - Authorised User: Admin 9999999999 admin@mail.com
2026-04-06 02:13:13 INFO  com.coforge.filters.LoggingFilter - Request /admin/transactions/all GET 
2026-04-06 02:13:33 INFO  com.coforge.security.JwtAuthenticationFilter - Authorised User: Admin 9999999999 admin@mail.com
2026-04-06 02:13:33 INFO  com.coforge.filters.LoggingFilter - Request /admin/transactions/all GET 
2026-04-06 02:13:41 INFO  com.coforge.security.JwtAuthenticationFilter - Authorised User: Admin 9999999999 admin@mail.com
2026-04-06 02:13:41 INFO  com.coforge.filters.LoggingFilter - Request /admin/transactions/subcategory/ELECTRICITY GET 
2026-04-06 02:13:52 INFO  com.coforge.security.JwtAuthenticationFilter - Authorised User: Admin 9999999999 admin@mail.com
2026-04-06 02:13:52 INFO  com.coforge.filters.LoggingFilter - Request /admin/transactions/category/BENEFICIARY_TRANSFER GET 
2026-04-06 02:14:02 INFO  com.coforge.security.JwtAuthenticationFilter - Authorised User: Admin 9999999999 admin@mail.com
2026-04-06 02:14:02 INFO  com.coforge.filters.LoggingFilter - Request /admin/transactions/category/BENEFICIARY_TRANSFER/dates GET ?from=2026-04-10&to=2026-04-20
2026-04-06 02:14:07 INFO  com.coforge.security.JwtAuthenticationFilter - Authorised User: Admin 9999999999 admin@mail.com
2026-04-06 02:14:07 INFO  com.coforge.filters.LoggingFilter - Request /admin/customers GET 
2026-04-06 02:34:54 INFO  com.coforge.PaymentWalletApplication - Starting PaymentWalletApplication using Java 21.0.10 with PID 23180 (C:\Users\Gaurav.Kuriyal\JavaTrainingProjects\PaymentApplicationProject\mergedMainBranch1\Payment-WalletApplication\Payment-WalletApplication\target\classes started by Gaurav.Kuriyal in C:\Users\Gaurav.Kuriyal\JavaTrainingProjects\PaymentApplicationProject\mergedMainBranch1\Payment-WalletApplication\Payment-WalletApplication)
2026-04-06 02:34:54 INFO  com.coforge.PaymentWalletApplication - No active profile set, falling back to 1 default profile: "default"
2026-04-06 02:34:56 INFO  com.coforge.PaymentWalletApplication - Started PaymentWalletApplication in 2.347 seconds (process running for 30030.385)
2026-04-06 02:40:52 INFO  com.coforge.PaymentWalletApplication - Starting PaymentWalletApplication using Java 21.0.10 with PID 23180 (C:\Users\Gaurav.Kuriyal\JavaTrainingProjects\PaymentApplicationProject\mergedMainBranch1\Payment-WalletApplication\Payment-WalletApplication\target\classes started by Gaurav.Kuriyal in C:\Users\Gaurav.Kuriyal\JavaTrainingProjects\PaymentApplicationProject\mergedMainBranch1\Payment-WalletApplication\Payment-WalletApplication)
2026-04-06 02:40:52 INFO  com.coforge.PaymentWalletApplication - No active profile set, falling back to 1 default profile: "default"
2026-04-06 02:40:54 INFO  com.coforge.PaymentWalletApplication - Started PaymentWalletApplication in 1.979 seconds (process running for 30388.014)
2026-04-06 02:40:55 INFO  com.coforge.PaymentWalletApplication - Starting PaymentWalletApplication using Java 21.0.10 with PID 23180 (C:\Users\Gaurav.Kuriyal\JavaTrainingProjects\PaymentApplicationProject\mergedMainBranch1\Payment-WalletApplication\Payment-WalletApplication\target\classes started by Gaurav.Kuriyal in C:\Users\Gaurav.Kuriyal\JavaTrainingProjects\PaymentApplicationProject\mergedMainBranch1\Payment-WalletApplication\Payment-WalletApplication)
2026-04-06 02:40:55 INFO  com.coforge.PaymentWalletApplication - No active profile set, falling back to 1 default profile: "default"
2026-04-06 02:40:57 INFO  com.coforge.PaymentWalletApplication - Started PaymentWalletApplication in 1.317 seconds (process running for 30390.915)
2026-04-06 02:41:14 INFO  com.coforge.PaymentWalletApplication - Starting PaymentWalletApplication using Java 21.0.10 with PID 23180 (C:\Users\Gaurav.Kuriyal\JavaTrainingProjects\PaymentApplicationProject\mergedMainBranch1\Payment-WalletApplication\Payment-WalletApplication\target\classes started by Gaurav.Kuriyal in C:\Users\Gaurav.Kuriyal\JavaTrainingProjects\PaymentApplicationProject\mergedMainBranch1\Payment-WalletApplication\Payment-WalletApplication)
2026-04-06 02:41:14 INFO  com.coforge.PaymentWalletApplication - No active profile set, falling back to 1 default profile: "default"
2026-04-06 02:41:23 INFO  com.coforge.PaymentWalletApplication - Starting PaymentWalletApplication using Java 21.0.10 with PID 23180 (C:\Users\Gaurav.Kuriyal\JavaTrainingProjects\PaymentApplicationProject\mergedMainBranch1\Payment-WalletApplication\Payment-WalletApplication\target\classes started by Gaurav.Kuriyal in C:\Users\Gaurav.Kuriyal\JavaTrainingProjects\PaymentApplicationProject\mergedMainBranch1\Payment-WalletApplication\Payment-WalletApplication)
2026-04-06 02:41:23 INFO  com.coforge.PaymentWalletApplication - No active profile set, falling back to 1 default profile: "default"
2026-04-06 02:41:51 INFO  com.coforge.PaymentWalletApplication - Starting PaymentWalletApplication using Java 21.0.10 with PID 23180 (C:\Users\Gaurav.Kuriyal\JavaTrainingProjects\PaymentApplicationProject\mergedMainBranch1\Payment-WalletApplication\Payment-WalletApplication\target\classes started by Gaurav.Kuriyal in C:\Users\Gaurav.Kuriyal\JavaTrainingProjects\PaymentApplicationProject\mergedMainBranch1\Payment-WalletApplication\Payment-WalletApplication)
2026-04-06 02:41:51 INFO  com.coforge.PaymentWalletApplication - No active profile set, falling back to 1 default profile: "default"
2026-04-06 02:41:58 INFO  com.coforge.PaymentWalletApplication - Starting PaymentWalletApplication using Java 21.0.10 with PID 23180 (C:\Users\Gaurav.Kuriyal\JavaTrainingProjects\PaymentApplicationProject\mergedMainBranch1\Payment-WalletApplication\Payment-WalletApplication\target\classes started by Gaurav.Kuriyal in C:\Users\Gaurav.Kuriyal\JavaTrainingProjects\PaymentApplicationProject\mergedMainBranch1\Payment-WalletApplication\Payment-WalletApplication)
2026-04-06 02:41:58 INFO  com.coforge.PaymentWalletApplication - No active profile set, falling back to 1 default profile: "default"
2026-04-06 02:42:08 INFO  com.coforge.PaymentWalletApplication - Starting PaymentWalletApplication using Java 21.0.10 with PID 23180 (C:\Users\Gaurav.Kuriyal\JavaTrainingProjects\PaymentApplicationProject\mergedMainBranch1\Payment-WalletApplication\Payment-WalletApplication\target\classes started by Gaurav.Kuriyal in C:\Users\Gaurav.Kuriyal\JavaTrainingProjects\PaymentApplicationProject\mergedMainBranch1\Payment-WalletApplication\Payment-WalletApplication)
2026-04-06 02:42:08 INFO  com.coforge.PaymentWalletApplication - No active profile set, falling back to 1 default profile: "default"
2026-04-06 02:42:09 INFO  com.coforge.PaymentWalletApplication - Started PaymentWalletApplication in 1.405 seconds (process running for 30463.685)
2026-04-06 02:42:13 INFO  com.coforge.security.JwtAuthenticationFilter - Authorised User: Admin 9999999999 admin@mail.com
2026-04-06 02:42:13 INFO  com.coforge.filters.LoggingFilter - Request /admin/customers GET 
2026-04-06 02:42:23 INFO  com.coforge.security.JwtAuthenticationFilter - Authorised User: Admin 9999999999 admin@mail.com
2026-04-06 02:42:23 INFO  com.coforge.filters.LoggingFilter - Request /admin/bankAccount GET 
2026-04-06 02:42:25 INFO  com.coforge.security.JwtAuthenticationFilter - Authorised User: Admin 9999999999 admin@mail.com
2026-04-06 02:42:25 INFO  com.coforge.filters.LoggingFilter - Request /admin/customers GET 
2026-04-06 02:44:09 INFO  com.coforge.security.JwtAuthenticationFilter - Authorised User: Admin 9999999999 admin@mail.com
2026-04-06 02:44:09 INFO  com.coforge.filters.LoggingFilter - Request /admin/customers GET 
2026-04-06 02:44:11 INFO  com.coforge.security.JwtAuthenticationFilter - Authorised User: Admin 9999999999 admin@mail.com
2026-04-06 02:44:11 INFO  com.coforge.filters.LoggingFilter - Request /admin/customers GET 
2026-04-06 02:44:49 INFO  com.coforge.security.JwtAuthenticationFilter - Authorised User: Admin 9999999999 admin@mail.com
2026-04-06 02:44:49 INFO  com.coforge.filters.LoggingFilter - Request /admin/wallets GET 
2026-04-06 02:45:57 INFO  com.coforge.security.JwtAuthenticationFilter - Authorised User: Admin 9999999999 admin@mail.com
2026-04-06 02:45:57 INFO  com.coforge.filters.LoggingFilter - Request /admin/wallets GET 
2026-04-06 02:45:59 INFO  com.coforge.security.JwtAuthenticationFilter - Authorised User: Admin 9999999999 admin@mail.com
2026-04-06 02:45:59 INFO  com.coforge.filters.LoggingFilter - Request /admin/bankAccount GET 
2026-04-06 02:46:00 INFO  com.coforge.security.JwtAuthenticationFilter - Authorised User: Admin 9999999999 admin@mail.com
2026-04-06 02:46:00 INFO  com.coforge.filters.LoggingFilter - Request /admin/customers GET 
2026-04-06 02:46:10 INFO  com.coforge.security.JwtAuthenticationFilter - Authorised User: Admin 9999999999 admin@mail.com
2026-04-06 02:46:10 INFO  com.coforge.filters.LoggingFilter - Request /admin/customers/8 DELETE 
2026-04-06 02:47:51 INFO  com.coforge.security.JwtAuthenticationFilter - Authorised User: Admin 9999999999 admin@mail.com
2026-04-06 02:47:51 INFO  com.coforge.filters.LoggingFilter - Request /admin/customers/10 DELETE 
2026-04-06 02:47:51 INFO  com.coforge.security.JwtAuthenticationFilter - Authorised User: Admin 9999999999 admin@mail.com
2026-04-06 02:47:51 INFO  com.coforge.filters.LoggingFilter - Request /admin/customers GET 
2026-04-06 02:48:22 INFO  com.coforge.security.JwtAuthenticationFilter - Authorised User: Admin 9999999999 admin@mail.com
2026-04-06 02:48:22 INFO  com.coforge.filters.LoggingFilter - Request /admin/customers GET 
2026-04-06 02:53:35 INFO  com.coforge.security.JwtAuthenticationFilter - Authorised User: Admin 9999999999 admin@mail.com
2026-04-06 02:53:35 INFO  com.coforge.filters.LoggingFilter - Request /admin/customers/6 DELETE 
2026-04-06 02:56:08 INFO  com.coforge.PaymentWalletApplication - Starting PaymentWalletApplication using Java 21.0.10 with PID 23180 (C:\Users\Gaurav.Kuriyal\JavaTrainingProjects\PaymentApplicationProject\mergedMainBranch1\Payment-WalletApplication\Payment-WalletApplication\target\classes started by Gaurav.Kuriyal in C:\Users\Gaurav.Kuriyal\JavaTrainingProjects\PaymentApplicationProject\mergedMainBranch1\Payment-WalletApplication\Payment-WalletApplication)
2026-04-06 02:56:08 INFO  com.coforge.PaymentWalletApplication - No active profile set, falling back to 1 default profile: "default"
2026-04-06 02:56:11 INFO  com.coforge.PaymentWalletApplication - Started PaymentWalletApplication in 2.418 seconds (process running for 31305.105)
2026-04-06 02:56:16 INFO  com.coforge.security.JwtAuthenticationFilter - Authorised User: Admin 9999999999 admin@mail.com
2026-04-06 02:56:16 INFO  com.coforge.filters.LoggingFilter - Request /admin/customers/6 DELETE 
2026-04-06 02:57:02 INFO  com.coforge.PaymentWalletApplication - Starting PaymentWalletApplication using Java 21.0.10 with PID 23180 (C:\Users\Gaurav.Kuriyal\JavaTrainingProjects\PaymentApplicationProject\mergedMainBranch1\Payment-WalletApplication\Payment-WalletApplication\target\classes started by Gaurav.Kuriyal in C:\Users\Gaurav.Kuriyal\JavaTrainingProjects\PaymentApplicationProject\mergedMainBranch1\Payment-WalletApplication\Payment-WalletApplication)
2026-04-06 02:57:02 INFO  com.coforge.PaymentWalletApplication - No active profile set, falling back to 1 default profile: "default"
2026-04-06 02:57:03 INFO  com.coforge.PaymentWalletApplication - Started PaymentWalletApplication in 1.441 seconds (process running for 31357.39)
2026-04-06 03:03:42 INFO  com.coforge.PaymentWalletApplication - Starting PaymentWalletApplication using Java 21.0.10 with PID 23180 (C:\Users\Gaurav.Kuriyal\JavaTrainingProjects\PaymentApplicationProject\mergedMainBranch1\Payment-WalletApplication\Payment-WalletApplication\target\classes started by Gaurav.Kuriyal in C:\Users\Gaurav.Kuriyal\JavaTrainingProjects\PaymentApplicationProject\mergedMainBranch1\Payment-WalletApplication\Payment-WalletApplication)
2026-04-06 03:03:42 INFO  com.coforge.PaymentWalletApplication - No active profile set, falling back to 1 default profile: "default"
2026-04-06 03:03:43 INFO  com.coforge.PaymentWalletApplication - Started PaymentWalletApplication in 1.534 seconds (process running for 31757.612)
2026-04-06 03:04:13 INFO  com.coforge.PaymentWalletApplication - Starting PaymentWalletApplication using Java 21.0.10 with PID 23180 (C:\Users\Gaurav.Kuriyal\JavaTrainingProjects\PaymentApplicationProject\mergedMainBranch1\Payment-WalletApplication\Payment-WalletApplication\target\classes started by Gaurav.Kuriyal in C:\Users\Gaurav.Kuriyal\JavaTrainingProjects\PaymentApplicationProject\mergedMainBranch1\Payment-WalletApplication\Payment-WalletApplication)
2026-04-06 03:04:13 INFO  com.coforge.PaymentWalletApplication - No active profile set, falling back to 1 default profile: "default"
2026-04-06 03:04:15 INFO  com.coforge.PaymentWalletApplication - Started PaymentWalletApplication in 1.39 seconds (process running for 31788.925)
2026-04-06 03:04:20 INFO  com.coforge.security.JwtAuthenticationFilter - Authorised User: Admin 9999999999 admin@mail.com
2026-04-06 03:04:20 INFO  com.coforge.filters.LoggingFilter - Request /admin/customers/9 DELETE 
2026-04-06 03:05:06 INFO  com.coforge.PaymentWalletApplication - Starting PaymentWalletApplication using Java 21.0.10 with PID 23180 (C:\Users\Gaurav.Kuriyal\JavaTrainingProjects\PaymentApplicationProject\mergedMainBranch1\Payment-WalletApplication\Payment-WalletApplication\target\classes started by Gaurav.Kuriyal in C:\Users\Gaurav.Kuriyal\JavaTrainingProjects\PaymentApplicationProject\mergedMainBranch1\Payment-WalletApplication\Payment-WalletApplication)
2026-04-06 03:05:06 INFO  com.coforge.PaymentWalletApplication - No active profile set, falling back to 1 default profile: "default"
2026-04-06 03:05:08 INFO  com.coforge.PaymentWalletApplication - Started PaymentWalletApplication in 1.422 seconds (process running for 31842.014)
2026-04-06 03:05:10 INFO  com.coforge.security.JwtAuthenticationFilter - Authorised User: Admin 9999999999 admin@mail.com
2026-04-06 03:05:10 INFO  com.coforge.filters.LoggingFilter - Request /admin/customers GET 
2026-04-06 03:05:19 INFO  com.coforge.security.JwtAuthenticationFilter - Authorised User: Admin 9999999999 admin@mail.com
2026-04-06 03:05:19 INFO  com.coforge.filters.LoggingFilter - Request /admin/customers GET 
2026-04-06 03:05:22 INFO  com.coforge.security.JwtAuthenticationFilter - Authorised User: Admin 9999999999 admin@mail.com
2026-04-06 03:05:22 INFO  com.coforge.filters.LoggingFilter - Request /admin/customers/9 DELETE 
2026-04-06 03:05:26 INFO  com.coforge.security.JwtAuthenticationFilter - Authorised User: Admin 9999999999 admin@mail.com
2026-04-06 03:05:26 INFO  com.coforge.filters.LoggingFilter - Request /admin/customers GET 
2026-04-06 03:05:48 INFO  com.coforge.security.JwtAuthenticationFilter - Authorised User: Admin 9999999999 admin@mail.com
2026-04-06 03:05:48 INFO  com.coforge.filters.LoggingFilter - Request /admin/transactions/all GET 
2026-04-06 03:05:51 INFO  com.coforge.security.JwtAuthenticationFilter - Authorised User: Admin 9999999999 admin@mail.com
2026-04-06 03:05:51 INFO  com.coforge.filters.LoggingFilter - Request /admin/customers GET 
2026-04-06 03:06:33 INFO  com.coforge.PaymentWalletApplication - Starting PaymentWalletApplication using Java 21.0.10 with PID 23180 (C:\Users\Gaurav.Kuriyal\JavaTrainingProjects\PaymentApplicationProject\mergedMainBranch1\Payment-WalletApplication\Payment-WalletApplication\target\classes started by Gaurav.Kuriyal in C:\Users\Gaurav.Kuriyal\JavaTrainingProjects\PaymentApplicationProject\mergedMainBranch1\Payment-WalletApplication\Payment-WalletApplication)
2026-04-06 03:06:33 INFO  com.coforge.PaymentWalletApplication - No active profile set, falling back to 1 default profile: "default"
2026-04-06 03:06:34 INFO  com.coforge.PaymentWalletApplication - Started PaymentWalletApplication in 1.91 seconds (process running for 31928.792)
2026-04-06 03:06:38 INFO  com.coforge.security.JwtAuthenticationFilter - Authorised User: Admin 9999999999 admin@mail.com
2026-04-06 03:06:38 INFO  com.coforge.filters.LoggingFilter - Request /admin/customers/9 DELETE 
2026-04-06 03:06:50 INFO  com.coforge.security.JwtAuthenticationFilter - Authorised User: Admin 9999999999 admin@mail.com
2026-04-06 03:06:50 INFO  com.coforge.filters.LoggingFilter - Request /admin/customers GET 
2026-04-06 03:07:07 INFO  com.coforge.PaymentWalletApplication - Starting PaymentWalletApplication using Java 21.0.10 with PID 23180 (C:\Users\Gaurav.Kuriyal\JavaTrainingProjects\PaymentApplicationProject\mergedMainBranch1\Payment-WalletApplication\Payment-WalletApplication\target\classes started by Gaurav.Kuriyal in C:\Users\Gaurav.Kuriyal\JavaTrainingProjects\PaymentApplicationProject\mergedMainBranch1\Payment-WalletApplication\Payment-WalletApplication)
2026-04-06 03:07:07 INFO  com.coforge.PaymentWalletApplication - No active profile set, falling back to 1 default profile: "default"
2026-04-06 03:07:09 INFO  com.coforge.PaymentWalletApplication - Started PaymentWalletApplication in 1.346 seconds (process running for 31963.018)
2026-04-06 03:07:15 INFO  com.coforge.security.JwtAuthenticationFilter - Authorised User: Admin 9999999999 admin@mail.com
2026-04-06 03:07:15 INFO  com.coforge.filters.LoggingFilter - Request /admin/customers/9 DELETE 
2026-04-06 03:07:40 INFO  com.coforge.security.JwtAuthenticationFilter - Authorised User: Admin 9999999999 admin@mail.com
2026-04-06 03:07:40 INFO  com.coforge.filters.LoggingFilter - Request /admin/customers GET 
2026-04-06 03:09:10 INFO  com.coforge.security.JwtAuthenticationFilter - Authorised User: Admin 9999999999 admin@mail.com
2026-04-06 03:09:10 INFO  com.coforge.filters.LoggingFilter - Request /admin/customers/9 PUT 
2026-04-06 03:09:32 INFO  com.coforge.security.JwtAuthenticationFilter - Authorised User: Admin 9999999999 admin@mail.com
2026-04-06 03:09:32 INFO  com.coforge.filters.LoggingFilter - Request /admin/customers GET 
2026-04-06 03:09:35 INFO  com.coforge.security.JwtAuthenticationFilter - Authorised User: Admin 9999999999 admin@mail.com
2026-04-06 03:09:35 INFO  com.coforge.filters.LoggingFilter - Request /admin/transactions/all GET 
2026-04-06 03:10:46 INFO  com.coforge.security.JwtAuthenticationFilter - Authorised User: Admin 9999999999 admin@mail.com
2026-04-06 03:10:46 INFO  com.coforge.filters.LoggingFilter - Request /admin/bankAccount GET 
2026-04-06 03:10:47 INFO  com.coforge.security.JwtAuthenticationFilter - Authorised User: Admin 9999999999 admin@mail.com
2026-04-06 03:10:47 INFO  com.coforge.filters.LoggingFilter - Request /admin/customers GET 
2026-04-06 03:11:01 INFO  com.coforge.security.JwtAuthenticationFilter - Authorised User: Admin 9999999999 admin@mail.com
2026-04-06 03:11:01 INFO  com.coforge.filters.LoggingFilter - Request /admin/customers/9 DELETE 
2026-04-06 03:13:59 INFO  com.coforge.PaymentWalletApplication - Starting PaymentWalletApplication using Java 21.0.10 with PID 23180 (C:\Users\Gaurav.Kuriyal\JavaTrainingProjects\PaymentApplicationProject\mergedMainBranch1\Payment-WalletApplication\Payment-WalletApplication\target\classes started by Gaurav.Kuriyal in C:\Users\Gaurav.Kuriyal\JavaTrainingProjects\PaymentApplicationProject\mergedMainBranch1\Payment-WalletApplication\Payment-WalletApplication)
2026-04-06 03:13:59 INFO  com.coforge.PaymentWalletApplication - No active profile set, falling back to 1 default profile: "default"
2026-04-06 03:14:00 INFO  com.coforge.PaymentWalletApplication - Started PaymentWalletApplication in 1.403 seconds (process running for 32374.603)
2026-04-06 03:14:06 INFO  com.coforge.security.JwtAuthenticationFilter - Authorised User: Admin 9999999999 admin@mail.com
2026-04-06 03:14:06 INFO  com.coforge.filters.LoggingFilter - Request /admin/customers/9 DELETE 
2026-04-06 03:14:47 INFO  com.coforge.PaymentWalletApplication - Starting PaymentWalletApplication using Java 21.0.10 with PID 23180 (C:\Users\Gaurav.Kuriyal\JavaTrainingProjects\PaymentApplicationProject\mergedMainBranch1\Payment-WalletApplication\Payment-WalletApplication\target\classes started by Gaurav.Kuriyal in C:\Users\Gaurav.Kuriyal\JavaTrainingProjects\PaymentApplicationProject\mergedMainBranch1\Payment-WalletApplication\Payment-WalletApplication)
2026-04-06 03:14:47 INFO  com.coforge.PaymentWalletApplication - No active profile set, falling back to 1 default profile: "default"
2026-04-06 03:14:49 INFO  com.coforge.PaymentWalletApplication - Started PaymentWalletApplication in 1.351 seconds (process running for 32422.992)
2026-04-06 03:14:52 INFO  com.coforge.security.JwtAuthenticationFilter - Authorised User: Admin 9999999999 admin@mail.com
2026-04-06 03:14:52 INFO  com.coforge.filters.LoggingFilter - Request /admin/customers/9 DELETE 
2026-04-06 03:15:23 INFO  com.coforge.PaymentWalletApplication - Starting PaymentWalletApplication using Java 21.0.10 with PID 23180 (C:\Users\Gaurav.Kuriyal\JavaTrainingProjects\PaymentApplicationProject\mergedMainBranch1\Payment-WalletApplication\Payment-WalletApplication\target\classes started by Gaurav.Kuriyal in C:\Users\Gaurav.Kuriyal\JavaTrainingProjects\PaymentApplicationProject\mergedMainBranch1\Payment-WalletApplication\Payment-WalletApplication)
2026-04-06 03:15:23 INFO  com.coforge.PaymentWalletApplication - No active profile set, falling back to 1 default profile: "default"
2026-04-06 03:15:25 INFO  com.coforge.PaymentWalletApplication - Started PaymentWalletApplication in 1.26 seconds (process running for 32458.917)
2026-04-06 03:15:28 INFO  com.coforge.security.JwtAuthenticationFilter - Authorised User: Admin 9999999999 admin@mail.com
2026-04-06 03:15:28 INFO  com.coforge.filters.LoggingFilter - Request /admin/customers/9 DELETE 
2026-04-06 03:17:39 INFO  com.coforge.PaymentWalletApplication - Starting PaymentWalletApplication using Java 21.0.10 with PID 23180 (C:\Users\Gaurav.Kuriyal\JavaTrainingProjects\PaymentApplicationProject\mergedMainBranch1\Payment-WalletApplication\Payment-WalletApplication\target\classes started by Gaurav.Kuriyal in C:\Users\Gaurav.Kuriyal\JavaTrainingProjects\PaymentApplicationProject\mergedMainBranch1\Payment-WalletApplication\Payment-WalletApplication)
2026-04-06 03:17:39 INFO  com.coforge.PaymentWalletApplication - No active profile set, falling back to 1 default profile: "default"
2026-04-06 03:17:40 INFO  com.coforge.PaymentWalletApplication - Started PaymentWalletApplication in 1.302 seconds (process running for 32594.566)
2026-04-06 03:17:44 INFO  com.coforge.security.JwtAuthenticationFilter - Authorised User: Admin 9999999999 admin@mail.com
2026-04-06 03:17:44 INFO  com.coforge.filters.LoggingFilter - Request /admin/customers/9 DELETE 
2026-04-06 03:20:00 INFO  com.coforge.PaymentWalletApplication - Starting PaymentWalletApplication using Java 21.0.10 with PID 23180 (C:\Users\Gaurav.Kuriyal\JavaTrainingProjects\PaymentApplicationProject\mergedMainBranch1\Payment-WalletApplication\Payment-WalletApplication\target\classes started by Gaurav.Kuriyal in C:\Users\Gaurav.Kuriyal\JavaTrainingProjects\PaymentApplicationProject\mergedMainBranch1\Payment-WalletApplication\Payment-WalletApplication)
2026-04-06 03:20:00 INFO  com.coforge.PaymentWalletApplication - No active profile set, falling back to 1 default profile: "default"
2026-04-06 03:20:02 INFO  com.coforge.PaymentWalletApplication - Started PaymentWalletApplication in 1.231 seconds (process running for 32735.865)
2026-04-06 03:20:16 INFO  com.coforge.security.JwtAuthenticationFilter - Authorised User: Admin 9999999999 admin@mail.com
2026-04-06 03:20:16 INFO  com.coforge.filters.LoggingFilter - Request /admin/customers/9 DELETE 
2026-04-06 03:20:40 INFO  com.coforge.PaymentWalletApplication - Starting PaymentWalletApplication using Java 21.0.10 with PID 23180 (C:\Users\Gaurav.Kuriyal\JavaTrainingProjects\PaymentApplicationProject\mergedMainBranch1\Payment-WalletApplication\Payment-WalletApplication\target\classes started by Gaurav.Kuriyal in C:\Users\Gaurav.Kuriyal\JavaTrainingProjects\PaymentApplicationProject\mergedMainBranch1\Payment-WalletApplication\Payment-WalletApplication)
2026-04-06 03:20:40 INFO  com.coforge.PaymentWalletApplication - No active profile set, falling back to 1 default profile: "default"
2026-04-06 03:20:42 INFO  com.coforge.PaymentWalletApplication - Started PaymentWalletApplication in 1.406 seconds (process running for 32776.104)
2026-04-06 03:20:45 INFO  com.coforge.security.JwtAuthenticationFilter - Authorised User: Admin 9999999999 admin@mail.com
2026-04-06 03:20:45 INFO  com.coforge.filters.LoggingFilter - Request /admin/customers/9 DELETE 
2026-04-06 03:22:03 INFO  com.coforge.security.JwtAuthenticationFilter - Authorised User: Admin 9999999999 admin@mail.com
2026-04-06 03:22:03 INFO  com.coforge.filters.LoggingFilter - Request /admin/transactions/all GET 
2026-04-06 03:22:04 INFO  com.coforge.security.JwtAuthenticationFilter - Authorised User: Admin 9999999999 admin@mail.com
2026-04-06 03:22:04 INFO  com.coforge.filters.LoggingFilter - Request /admin/transactions/all GET 
2026-04-06 03:23:19 INFO  com.coforge.security.JwtAuthenticationFilter - Authorised User: Admin 9999999999 admin@mail.com
2026-04-06 03:23:19 INFO  com.coforge.filters.LoggingFilter - Request /admin/billPayments/getAll GET 
2026-04-06 03:23:31 INFO  com.coforge.security.JwtAuthenticationFilter - Authorised User: Admin 9999999999 admin@mail.com
2026-04-06 03:23:31 INFO  com.coforge.filters.LoggingFilter - Request /admin/billPayments/delete/2 DELETE 
2026-04-06 03:23:31 INFO  com.coforge.security.JwtAuthenticationFilter - Authorised User: Admin 9999999999 admin@mail.com
2026-04-06 03:23:31 INFO  com.coforge.filters.LoggingFilter - Request /admin/billPayments/getAll GET 
2026-04-06 03:23:33 INFO  com.coforge.security.JwtAuthenticationFilter - Authorised User: Admin 9999999999 admin@mail.com
2026-04-06 03:23:33 INFO  com.coforge.filters.LoggingFilter - Request /admin/billPayments/delete/3 DELETE 
2026-04-06 03:23:33 INFO  com.coforge.security.JwtAuthenticationFilter - Authorised User: Admin 9999999999 admin@mail.com
2026-04-06 03:23:33 INFO  com.coforge.filters.LoggingFilter - Request /admin/billPayments/getAll GET 
2026-04-06 03:23:34 INFO  com.coforge.security.JwtAuthenticationFilter - Authorised User: Admin 9999999999 admin@mail.com
2026-04-06 03:23:34 INFO  com.coforge.filters.LoggingFilter - Request /admin/billPayments/delete/4 DELETE 
2026-04-06 03:23:34 INFO  com.coforge.security.JwtAuthenticationFilter - Authorised User: Admin 9999999999 admin@mail.com
2026-04-06 03:23:34 INFO  com.coforge.filters.LoggingFilter - Request /admin/billPayments/getAll GET 
2026-04-06 03:23:36 INFO  com.coforge.security.JwtAuthenticationFilter - Authorised User: Admin 9999999999 admin@mail.com
2026-04-06 03:23:36 INFO  com.coforge.filters.LoggingFilter - Request /admin/billPayments/delete/5 DELETE 
2026-04-06 03:23:36 INFO  com.coforge.security.JwtAuthenticationFilter - Authorised User: Admin 9999999999 admin@mail.com
2026-04-06 03:23:36 INFO  com.coforge.filters.LoggingFilter - Request /admin/billPayments/getAll GET 
2026-04-06 03:23:38 INFO  com.coforge.security.JwtAuthenticationFilter - Authorised User: Admin 9999999999 admin@mail.com
2026-04-06 03:23:38 INFO  com.coforge.filters.LoggingFilter - Request /admin/billPayments/delete/6 DELETE 
2026-04-06 03:23:38 INFO  com.coforge.security.JwtAuthenticationFilter - Authorised User: Admin 9999999999 admin@mail.com
2026-04-06 03:23:38 INFO  com.coforge.filters.LoggingFilter - Request /admin/billPayments/getAll GET 
2026-04-06 03:24:13 INFO  com.coforge.security.JwtAuthenticationFilter - Authorised User: Admin 9999999999 admin@mail.com
2026-04-06 03:24:13 INFO  com.coforge.filters.LoggingFilter - Request /admin/transactions/all GET 
2026-04-06 03:24:19 INFO  com.coforge.security.JwtAuthenticationFilter - Authorised User: Admin 9999999999 admin@mail.com
2026-04-06 03:24:19 INFO  com.coforge.filters.LoggingFilter - Request /admin/beneficiaries GET 
2026-04-06 03:24:23 INFO  com.coforge.security.JwtAuthenticationFilter - Authorised User: Admin 9999999999 admin@mail.com
2026-04-06 03:24:23 INFO  com.coforge.filters.LoggingFilter - Request /admin/transactions/all GET 
2026-04-06 03:24:25 INFO  com.coforge.security.JwtAuthenticationFilter - Authorised User: Admin 9999999999 admin@mail.com
2026-04-06 03:24:25 INFO  com.coforge.filters.LoggingFilter - Request /admin/bankAccount GET 
2026-04-06 03:24:30 INFO  com.coforge.security.JwtAuthenticationFilter - Authorised User: Admin 9999999999 admin@mail.com
2026-04-06 03:24:30 INFO  com.coforge.filters.LoggingFilter - Request /admin/customers GET 
2026-04-06 03:25:01 INFO  com.coforge.security.JwtAuthenticationFilter - Authorised User: Admin 9999999999 admin@mail.com
2026-04-06 03:25:01 INFO  com.coforge.filters.LoggingFilter - Request /admin/customers/9 DELETE 
2026-04-06 03:25:02 INFO  com.coforge.security.JwtAuthenticationFilter - Authorised User: Admin 9999999999 admin@mail.com
2026-04-06 03:25:02 INFO  com.coforge.filters.LoggingFilter - Request /admin/customers GET 
2026-04-06 03:25:09 INFO  com.coforge.security.JwtAuthenticationFilter - Authorised User: Admin 9999999999 admin@mail.com
2026-04-06 03:25:09 INFO  com.coforge.filters.LoggingFilter - Request /admin/customers/8 DELETE 
2026-04-06 03:25:09 INFO  com.coforge.security.JwtAuthenticationFilter - Authorised User: Admin 9999999999 admin@mail.com
2026-04-06 03:25:09 INFO  com.coforge.filters.LoggingFilter - Request /admin/customers GET 
2026-04-06 03:25:30 INFO  com.coforge.security.JwtAuthenticationFilter - Authorised User: Admin 9999999999 admin@mail.com
2026-04-06 03:25:30 INFO  com.coforge.filters.LoggingFilter - Request /admin/customers/6 DELETE 
2026-04-06 03:25:30 INFO  com.coforge.security.JwtAuthenticationFilter - Authorised User: Admin 9999999999 admin@mail.com
2026-04-06 03:25:30 INFO  com.coforge.filters.LoggingFilter - Request /admin/customers GET 
2026-04-06 03:29:15 INFO  com.coforge.PaymentWalletApplication - Starting PaymentWalletApplication using Java 21.0.10 with PID 23180 (C:\Users\Gaurav.Kuriyal\JavaTrainingProjects\PaymentApplicationProject\mergedMainBranch1\Payment-WalletApplication\Payment-WalletApplication\target\classes started by Gaurav.Kuriyal in C:\Users\Gaurav.Kuriyal\JavaTrainingProjects\PaymentApplicationProject\mergedMainBranch1\Payment-WalletApplication\Payment-WalletApplication)
2026-04-06 03:29:15 INFO  com.coforge.PaymentWalletApplication - No active profile set, falling back to 1 default profile: "default"
2026-04-06 03:29:17 INFO  com.coforge.PaymentWalletApplication - Started PaymentWalletApplication in 1.93 seconds (process running for 33291.433)
2026-04-06 03:29:42 INFO  com.coforge.PaymentWalletApplication - Starting PaymentWalletApplication using Java 21.0.10 with PID 23180 (C:\Users\Gaurav.Kuriyal\JavaTrainingProjects\PaymentApplicationProject\mergedMainBranch1\Payment-WalletApplication\Payment-WalletApplication\target\classes started by Gaurav.Kuriyal in C:\Users\Gaurav.Kuriyal\JavaTrainingProjects\PaymentApplicationProject\mergedMainBranch1\Payment-WalletApplication\Payment-WalletApplication)
2026-04-06 03:29:42 INFO  com.coforge.PaymentWalletApplication - No active profile set, falling back to 1 default profile: "default"
2026-04-06 03:29:44 INFO  com.coforge.PaymentWalletApplication - Started PaymentWalletApplication in 1.584 seconds (process running for 33318.079)
2026-04-06 03:29:46 INFO  com.coforge.security.JwtAuthenticationFilter - Authorised User: Admin 9999999999 admin@mail.com
2026-04-06 03:29:46 INFO  com.coforge.filters.LoggingFilter - Request /admin/customers GET 
2026-04-06 03:34:03 INFO  com.coforge.PaymentWalletApplication - Starting PaymentWalletApplication using Java 21.0.10 with PID 23180 (C:\Users\Gaurav.Kuriyal\JavaTrainingProjects\PaymentApplicationProject\mergedMainBranch1\Payment-WalletApplication\Payment-WalletApplication\target\classes started by Gaurav.Kuriyal in C:\Users\Gaurav.Kuriyal\JavaTrainingProjects\PaymentApplicationProject\mergedMainBranch1\Payment-WalletApplication\Payment-WalletApplication)
2026-04-06 03:34:03 INFO  com.coforge.PaymentWalletApplication - No active profile set, falling back to 1 default profile: "default"
2026-04-06 03:34:04 INFO  com.coforge.PaymentWalletApplication - Started PaymentWalletApplication in 1.238 seconds (process running for 33578.658)
2026-04-06 03:36:17 INFO  com.coforge.PaymentWalletApplication - Starting PaymentWalletApplication using Java 21.0.10 with PID 23180 (C:\Users\Gaurav.Kuriyal\JavaTrainingProjects\PaymentApplicationProject\mergedMainBranch1\Payment-WalletApplication\Payment-WalletApplication\target\classes started by Gaurav.Kuriyal in C:\Users\Gaurav.Kuriyal\JavaTrainingProjects\PaymentApplicationProject\mergedMainBranch1\Payment-WalletApplication\Payment-WalletApplication)
2026-04-06 03:36:17 INFO  com.coforge.PaymentWalletApplication - No active profile set, falling back to 1 default profile: "default"
2026-04-06 03:36:18 INFO  com.coforge.PaymentWalletApplication - Started PaymentWalletApplication in 1.352 seconds (process running for 33712.489)
2026-04-06 03:37:24 INFO  com.coforge.PaymentWalletApplication - Starting PaymentWalletApplication using Java 21.0.10 with PID 23180 (C:\Users\Gaurav.Kuriyal\JavaTrainingProjects\PaymentApplicationProject\mergedMainBranch1\Payment-WalletApplication\Payment-WalletApplication\target\classes started by Gaurav.Kuriyal in C:\Users\Gaurav.Kuriyal\JavaTrainingProjects\PaymentApplicationProject\mergedMainBranch1\Payment-WalletApplication\Payment-WalletApplication)
2026-04-06 03:37:24 INFO  com.coforge.PaymentWalletApplication - No active profile set, falling back to 1 default profile: "default"
2026-04-06 03:37:25 INFO  com.coforge.PaymentWalletApplication - Started PaymentWalletApplication in 1.262 seconds (process running for 33779.276)
2026-04-06 03:39:08 INFO  com.coforge.security.JwtAuthenticationFilter - Authorised User: Admin 9999999999 admin@mail.com
2026-04-06 03:39:08 INFO  com.coforge.filters.LoggingFilter - Request /admin/customers GET 
2026-04-06 03:39:23 INFO  com.coforge.filters.LoggingFilter - Request /customers/login POST 
2026-04-06 03:39:23 ERROR com.coforge.exception.GlobalExceptionHandler - Error: Invalid Email or Password
2026-04-06 03:39:54 INFO  com.coforge.filters.LoggingFilter - Request /customers/login POST 
2026-04-06 03:40:24 INFO  com.coforge.filters.LoggingFilter - Request /customers/admin/login POST 
2026-04-06 03:40:24 ERROR com.coforge.exception.GlobalExceptionHandler - Error: Invalid Email or password
2026-04-06 03:40:45 INFO  com.coforge.filters.LoggingFilter - Request /customers/admin/login POST 
2026-04-06 03:40:45 INFO  com.coforge.security.JwtAuthenticationFilter - Authorised User: ADMIN 8888888888 admin@mail.com
2026-04-06 03:40:45 INFO  com.coforge.filters.LoggingFilter - Request /admin/customers GET 
2026-04-06 03:40:45 INFO  com.coforge.security.JwtAuthenticationFilter - Authorised User: ADMIN 8888888888 admin@mail.com
2026-04-06 03:40:45 INFO  com.coforge.filters.LoggingFilter - Request /admin/wallets GET 
2026-04-06 03:40:45 INFO  com.coforge.security.JwtAuthenticationFilter - Authorised User: ADMIN 8888888888 admin@mail.com
2026-04-06 03:40:45 INFO  com.coforge.filters.LoggingFilter - Request /admin/bankAccount GET 
2026-04-06 03:40:45 INFO  com.coforge.security.JwtAuthenticationFilter - Authorised User: ADMIN 8888888888 admin@mail.com
2026-04-06 03:40:45 INFO  com.coforge.filters.LoggingFilter - Request /admin/transactions/all GET 
2026-04-06 03:40:50 INFO  com.coforge.security.JwtAuthenticationFilter - Authorised User: ADMIN 8888888888 admin@mail.com
2026-04-06 03:40:50 INFO  com.coforge.filters.LoggingFilter - Request /admin/customers GET 
2026-04-06 03:40:51 INFO  com.coforge.security.JwtAuthenticationFilter - Authorised User: ADMIN 8888888888 admin@mail.com
2026-04-06 03:40:51 INFO  com.coforge.filters.LoggingFilter - Request /admin/bankAccount GET 
